/root/autodl-tmp/ParticulateDemo/experiments/instruct_particulate/upstream/partfield/partfield/model/PVCNN/pv_module/voxelization.py:17: UserWarning: The reduce argument of torch.scatter with Tensor src is deprecated and will be removed in a future PyTorch release. Use torch.scatter_reduce instead for more reduction options. (Triggered internally at /pytorch/aten/src/ATen/native/TensorAdvancedIndexing.cpp:232.)
  out_feature = result.scatter_(index=indices.long(), src=features, dim=2, reduce='add')
{"event": "features", "split": "train", "index": 0, "rotation": 0, "peak_cuda_bytes": 882381824}
{"event": "features", "split": "train", "index": 0, "rotation": 1, "peak_cuda_bytes": 898307072}
{"event": "features", "split": "train", "index": 0, "rotation": 2, "peak_cuda_bytes": 898307072}
{"event": "features", "split": "train", "index": 0, "rotation": 3, "peak_cuda_bytes": 898307072}
{"event": "features", "split": "train", "index": 1, "rotation": 0, "peak_cuda_bytes": 898307072}
{"event": "features", "split": "train", "index": 1, "rotation": 1, "peak_cuda_bytes": 898307072}
{"event": "features", "split": "train", "index": 1, "rotation": 2, "peak_cuda_bytes": 898307072}
{"event": "features", "split": "train", "index": 1, "rotation": 3, "peak_cuda_bytes": 898307072}
{"event": "features", "split": "train", "index": 2, "rotation": 0, "peak_cuda_bytes": 898307072}
{"event": "features", "split": "train", "index": 2, "rotation": 1, "peak_cuda_bytes": 898307072}
{"event": "features", "split": "train", "index": 2, "rotation": 2, "peak_cuda_bytes": 898307072}
{"event": "features", "split": "train", "index": 2, "rotation": 3, "peak_cuda_bytes": 898307072}
{"event": "features", "split": "train", "index": 3, "rotation": 0, "peak_cuda_bytes": 898307072}
{"event": "features", "split": "train", "index": 3, "rotation": 1, "peak_cuda_bytes": 898307072}
{"event": "features", "split": "train", "index": 3, "rotation": 2, "peak_cuda_bytes": 898307072}
{"event": "features", "split": "train", "index": 3, "rotation": 3, "peak_cuda_bytes": 898307072}
{"event": "features", "split": "train", "index": 4, "rotation": 0, "peak_cuda_bytes": 898307072}
{"event": "features", "split": "train", "index": 4, "rotation": 1, "peak_cuda_bytes": 898307072}
{"event": "features", "split": "train", "index": 4, "rotation": 2, "peak_cuda_bytes": 898307072}
{"event": "features", "split": "train", "index": 4, "rotation": 3, "peak_cuda_bytes": 898307072}
{"event": "features", "split": "train", "index": 5, "rotation": 0, "peak_cuda_bytes": 898307072}
{"event": "features", "split": "train", "index": 5, "rotation": 1, "peak_cuda_bytes": 898307072}
{"event": "features", "split": "train", "index": 5, "rotation": 2, "peak_cuda_bytes": 898307072}
{"event": "features", "split": "train", "index": 5, "rotation": 3, "peak_cuda_bytes": 898307072}
{"event": "features", "split": "train", "index": 6, "rotation": 0, "peak_cuda_bytes": 898307072}
{"event": "features", "split": "train", "index": 6, "rotation": 1, "peak_cuda_bytes": 898307072}
{"event": "features", "split": "train", "index": 6, "rotation": 2, "peak_cuda_bytes": 898307072}
{"event": "features", "split": "train", "index": 6, "rotation": 3, "peak_cuda_bytes": 898307072}
{"event": "features", "split": "train", "index": 7, "rotation": 0, "peak_cuda_bytes": 898307072}
{"event": "features", "split": "train", "index": 7, "rotation": 1, "peak_cuda_bytes": 898307072}
{"event": "features", "split": "train", "index": 7, "rotation": 2, "peak_cuda_bytes": 898307072}
{"event": "features", "split": "train", "index": 7, "rotation": 3, "peak_cuda_bytes": 898307072}
{"event": "features", "split": "train", "index": 8, "rotation": 0, "peak_cuda_bytes": 898307072}
{"event": "features", "split": "train", "index": 8, "rotation": 1, "peak_cuda_bytes": 898307072}
{"event": "features", "split": "train", "index": 8, "rotation": 2, "peak_cuda_bytes": 898307072}
{"event": "features", "split": "train", "index": 8, "rotation": 3, "peak_cuda_bytes": 898307072}
{"event": "features", "split": "train", "index": 9, "rotation": 0, "peak_cuda_bytes": 898307072}
{"event": "features", "split": "train", "index": 9, "rotation": 1, "peak_cuda_bytes": 898307072}
{"event": "features", "split": "train", "index": 9, "rotation": 2, "peak_cuda_bytes": 898307072}
{"event": "features", "split": "train", "index": 9, "rotation": 3, "peak_cuda_bytes": 898307072}
{"event": "features", "split": "train", "index": 10, "rotation": 0, "peak_cuda_bytes": 898307072}
{"event": "features", "split": "train", "index": 10, "rotation": 1, "peak_cuda_bytes": 898307072}
{"event": "features", "split": "train", "index": 10, "rotation": 2, "peak_cuda_bytes": 898307072}
{"event": "features", "split": "train", "index": 10, "rotation": 3, "peak_cuda_bytes": 898307072}
{"event": "features", "split": "train", "index": 11, "rotation": 0, "peak_cuda_bytes": 898307072}
{"event": "features", "split": "train", "index": 11, "rotation": 1, "peak_cuda_bytes": 898307072}
{"event": "features", "split": "train", "index": 11, "rotation": 2, "peak_cuda_bytes": 898307072}
{"event": "features", "split": "train", "index": 11, "rotation": 3, "peak_cuda_bytes": 898307072}
{"event": "features", "split": "train", "index": 12, "rotation": 0, "peak_cuda_bytes": 898307072}
{"event": "features", "split": "train", "index": 12, "rotation": 1, "peak_cuda_bytes": 898307072}
{"event": "features", "split": "train", "index": 12, "rotation": 2, "peak_cuda_bytes": 898307072}
{"event": "features", "split": "train", "index": 12, "rotation": 3, "peak_cuda_bytes": 898307072}
{"event": "features", "split": "train", "index": 13, "rotation": 0, "peak_cuda_bytes": 898307072}
{"event": "features", "split": "train", "index": 13, "rotation": 1, "peak_cuda_bytes": 898307072}
{"event": "features", "split": "train", "index": 13, "rotation": 2, "peak_cuda_bytes": 898307072}
{"event": "features", "split": "train", "index": 13, "rotation": 3, "peak_cuda_bytes": 898307072}
{"event": "features", "split": "train", "index": 14, "rotation": 0, "peak_cuda_bytes": 898307072}
{"event": "features", "split": "train", "index": 14, "rotation": 1, "peak_cuda_bytes": 898307072}
{"event": "features", "split": "train", "index": 14, "rotation": 2, "peak_cuda_bytes": 898307072}
{"event": "features", "split": "train", "index": 14, "rotation": 3, "peak_cuda_bytes": 898307072}
{"event": "features", "split": "train", "index": 15, "rotation": 0, "peak_cuda_bytes": 898307072}
{"event": "features", "split": "train", "index": 15, "rotation": 1, "peak_cuda_bytes": 898307072}
{"event": "features", "split": "train", "index": 15, "rotation": 2, "peak_cuda_bytes": 898307072}
{"event": "features", "split": "train", "index": 15, "rotation": 3, "peak_cuda_bytes": 898307072}
{"event": "features", "split": "train", "index": 16, "rotation": 0, "peak_cuda_bytes": 898307072}
{"event": "features", "split": "train", "index": 16, "rotation": 1, "peak_cuda_bytes": 898307072}
{"event": "features", "split": "train", "index": 16, "rotation": 2, "peak_cuda_bytes": 898307072}
{"event": "features", "split": "train", "index": 16, "rotation": 3, "peak_cuda_bytes": 898307072}
{"event": "features", "split": "train", "index": 17, "rotation": 0, "peak_cuda_bytes": 898307072}
{"event": "features", "split": "train", "index": 17, "rotation": 1, "peak_cuda_bytes": 898307072}
{"event": "features", "split": "train", "index": 17, "rotation": 2, "peak_cuda_bytes": 898307072}
{"event": "features", "split": "train", "index": 17, "rotation": 3, "peak_cuda_bytes": 898307072}
{"event": "features", "split": "train", "index": 18, "rotation": 0, "peak_cuda_bytes": 898307072}
{"event": "features", "split": "train", "index": 18, "rotation": 1, "peak_cuda_bytes": 898307072}
{"event": "features", "split": "train", "index": 18, "rotation": 2, "peak_cuda_bytes": 898307072}
{"event": "features", "split": "train", "index": 18, "rotation": 3, "peak_cuda_bytes": 898307072}
{"event": "features", "split": "train", "index": 19, "rotation": 0, "peak_cuda_bytes": 898307072}
{"event": "features", "split": "train", "index": 19, "rotation": 1, "peak_cuda_bytes": 898307072}
{"event": "features", "split": "train", "index": 19, "rotation": 2, "peak_cuda_bytes": 898307072}
{"event": "features", "split": "train", "index": 19, "rotation": 3, "peak_cuda_bytes": 898307072}
{"event": "features", "split": "train", "index": 20, "rotation": 0, "peak_cuda_bytes": 898307072}
{"event": "features", "split": "train", "index": 20, "rotation": 1, "peak_cuda_bytes": 898307072}
{"event": "features", "split": "train", "index": 20, "rotation": 2, "peak_cuda_bytes": 898307072}
{"event": "features", "split": "train", "index": 20, "rotation": 3, "peak_cuda_bytes": 898307072}
{"event": "features", "split": "train", "index": 21, "rotation": 0, "peak_cuda_bytes": 898307072}
{"event": "features", "split": "train", "index": 21, "rotation": 1, "peak_cuda_bytes": 898307072}
{"event": "features", "split": "train", "index": 21, "rotation": 2, "peak_cuda_bytes": 898307072}
{"event": "features", "split": "train", "index": 21, "rotation": 3, "peak_cuda_bytes": 898307072}
{"event": "features", "split": "train", "index": 22, "rotation": 0, "peak_cuda_bytes": 898307072}
{"event": "features", "split": "train", "index": 22, "rotation": 1, "peak_cuda_bytes": 898307072}
{"event": "features", "split": "train", "index": 22, "rotation": 2, "peak_cuda_bytes": 898307072}
{"event": "features", "split": "train", "index": 22, "rotation": 3, "peak_cuda_bytes": 898307072}
{"event": "features", "split": "train", "index": 23, "rotation": 0, "peak_cuda_bytes": 898307072}
{"event": "features", "split": "train", "index": 23, "rotation": 1, "peak_cuda_bytes": 898307072}
{"event": "features", "split": "train", "index": 23, "rotation": 2, "peak_cuda_bytes": 898307072}
{"event": "features", "split": "train", "index": 23, "rotation": 3, "peak_cuda_bytes": 898307072}
{"event": "features", "split": "train", "index": 24, "rotation": 0, "peak_cuda_bytes": 898307072}
{"event": "features", "split": "train", "index": 24, "rotation": 1, "peak_cuda_bytes": 898307072}
{"event": "features", "split": "train", "index": 24, "rotation": 2, "peak_cuda_bytes": 898307072}
{"event": "features", "split": "train", "index": 24, "rotation": 3, "peak_cuda_bytes": 898307072}
{"event": "features", "split": "train", "index": 25, "rotation": 0, "peak_cuda_bytes": 898307072}
{"event": "features", "split": "train", "index": 25, "rotation": 1, "peak_cuda_bytes": 898307072}
{"event": "features", "split": "train", "index": 25, "rotation": 2, "peak_cuda_bytes": 898307072}
{"event": "features", "split": "train", "index": 25, "rotation": 3, "peak_cuda_bytes": 898307072}
{"event": "features", "split": "train", "index": 26, "rotation": 0, "peak_cuda_bytes": 898307072}
{"event": "features", "split": "train", "index": 26, "rotation": 1, "peak_cuda_bytes": 898307072}
{"event": "features", "split": "train", "index": 26, "rotation": 2, "peak_cuda_bytes": 898307072}
{"event": "features", "split": "train", "index": 26, "rotation": 3, "peak_cuda_bytes": 898307072}
{"event": "features", "split": "train", "index": 27, "rotation": 0, "peak_cuda_bytes": 898307072}
{"event": "features", "split": "train", "index": 27, "rotation": 1, "peak_cuda_bytes": 898307072}
{"event": "features", "split": "train", "index": 27, "rotation": 2, "peak_cuda_bytes": 898307072}
{"event": "features", "split": "train", "index": 27, "rotation": 3, "peak_cuda_bytes": 898307072}
{"event": "features", "split": "train", "index": 28, "rotation": 0, "peak_cuda_bytes": 898307072}
{"event": "features", "split": "train", "index": 28, "rotation": 1, "peak_cuda_bytes": 898307072}
{"event": "features", "split": "train", "index": 28, "rotation": 2, "peak_cuda_bytes": 898307072}
{"event": "features", "split": "train", "index": 28, "rotation": 3, "peak_cuda_bytes": 898307072}
{"event": "features", "split": "train", "index": 29, "rotation": 0, "peak_cuda_bytes": 898307072}
{"event": "features", "split": "train", "index": 29, "rotation": 1, "peak_cuda_bytes": 898307072}
{"event": "features", "split": "train", "index": 29, "rotation": 2, "peak_cuda_bytes": 898307072}
{"event": "features", "split": "train", "index": 29, "rotation": 3, "peak_cuda_bytes": 898307072}
{"event": "features", "split": "train", "index": 30, "rotation": 0, "peak_cuda_bytes": 898307072}
{"event": "features", "split": "train", "index": 30, "rotation": 1, "peak_cuda_bytes": 898307072}
{"event": "features", "split": "train", "index": 30, "rotation": 2, "peak_cuda_bytes": 898307072}
{"event": "features", "split": "train", "index": 30, "rotation": 3, "peak_cuda_bytes": 898307072}
{"event": "features", "split": "train", "index": 31, "rotation": 0, "peak_cuda_bytes": 898307072}
{"event": "features", "split": "train", "index": 31, "rotation": 1, "peak_cuda_bytes": 898307072}
{"event": "features", "split": "train", "index": 31, "rotation": 2, "peak_cuda_bytes": 898307072}
{"event": "features", "split": "train", "index": 31, "rotation": 3, "peak_cuda_bytes": 898307072}
{"step": 1, "loss": 0.1230829656124115, "seconds": 0.565932351979427}
{"step": 101, "loss": 1.9724757671356201, "seconds": 0.04718401201535016}
{"step": 201, "loss": 0.03507520258426666, "seconds": 0.053967636078596115}
{"step": 301, "loss": 2.0455918312072754, "seconds": 0.05152736289892346}
{"step": 401, "loss": 0.03250516951084137, "seconds": 0.05154990404844284}
{"step": 501, "loss": 0.05494310334324837, "seconds": 0.050094678066670895}
{"step": 601, "loss": 0.02508475072681904, "seconds": 0.052497205906547606}
{"step": 701, "loss": 2.0393636226654053, "seconds": 0.053184177028015256}
{"step": 801, "loss": 0.1017092764377594, "seconds": 0.05082777899224311}
{"step": 901, "loss": 1.4997692108154297, "seconds": 0.0510697040008381}
{"step": 1001, "loss": 0.044650595635175705, "seconds": 0.053699481999501586}
{"step": 1101, "loss": 0.025363696739077568, "seconds": 0.05275222007185221}
{"step": 1201, "loss": 0.005600986536592245, "seconds": 0.051806644070893526}
{"step": 1301, "loss": 0.0035409999545663595, "seconds": 0.052399509004317224}
{"step": 1401, "loss": 0.0019308403134346008, "seconds": 0.05271980003453791}
{"step": 1501, "loss": 0.006651274859905243, "seconds": 0.05223529494833201}
{"step": 1601, "loss": 0.008500244468450546, "seconds": 0.052904786076396704}
{"step": 1701, "loss": 0.002034091157838702, "seconds": 0.050976078025996685}
{"step": 1801, "loss": 0.006926205009222031, "seconds": 0.05126683600246906}
{"step": 1901, "loss": 0.0019843282643705606, "seconds": 0.053414519992657006}
{"step": 2001, "loss": 0.004498210269957781, "seconds": 0.054368113982491195}
{"step": 2101, "loss": 0.0012763034319505095, "seconds": 0.050798890995793045}
{"step": 2201, "loss": 0.0012188999680802226, "seconds": 0.05103196098934859}
{"step": 2301, "loss": 0.001306556398048997, "seconds": 0.052138393046334386}
{"step": 2401, "loss": 0.0009636246832087636, "seconds": 0.0648024610709399}
{"step": 2501, "loss": 0.0006160586490295827, "seconds": 0.06046103802509606}
{"step": 2601, "loss": 0.0007858070312067866, "seconds": 0.05995457002427429}
{"step": 2701, "loss": 0.0007952763698995113, "seconds": 0.06063073908444494}
{"step": 2801, "loss": 0.00031158566707745194, "seconds": 0.053515046951361}
{"step": 2901, "loss": 0.00027738328208215535, "seconds": 0.052763323998078704}
{"step": 3001, "loss": 0.0002441016404191032, "seconds": 0.051724544959142804}
{"step": 3101, "loss": 0.0005164503818377852, "seconds": 0.05330533999949694}
{"steps": 3200, "fit": true, "parameters": 990727, "peak_cuda_bytes": 104813568, "mean_step_seconds": 0.05328943922620219, "feature_alignment_pass": true, "finite_backward_pass": true, "strict_count": 32.0, "samples": 32, "mean_angle": 0.048943718218652066, "mean_offset": 0.0009024588214288087, "note": "Timing excludes disk reads and PartField encoding. Evaluated on these same 32 training inputs; not generalization."}
